anima-20261003T224511Z-017ed58d/manifest.json 64888
anima-20261003T224511Z-017ed58d/profile-candidate/perf.json 4555
anima-20261003T224511Z-017ed58d/profile-candidate/outputs/sample.png 1549631
anima-20261003T224511Z-017ed58d/profile-candidate/generate.log 17479
anima-20261003T224511Z-017ed58d/profile-candidate/traces/2957dcb8-2ea8-4a00-a4d5-6848602f64bc-5_steps-global-rank0.trace.json.gz 13471411
anima-20261003T224511Z-017ed58d/profile-candidate/counts-1847.json 345
anima-20261003T224511Z-017ed58d/quality-candidate/perf.json 4571
anima-20261003T224511Z-017ed58d/quality-candidate/outputs/sample.png 383430
anima-20261003T224511Z-017ed58d/quality-candidate/generate.log 16942
anima-20261003T224511Z-017ed58d/quality-baseline/perf.json 4574
anima-20261003T224511Z-017ed58d/quality-baseline/outputs/sample.png 383430
anima-20261003T224511Z-017ed58d/quality-baseline/generate.log 16936
anima-20261003T224511Z-017ed58d/08-baseline/generate.log 16916
anima-20261003T224511Z-017ed58d/08-baseline/perf.json 4566
anima-20261003T224511Z-017ed58d/08-baseline/outputs/sample.png 1549631
anima-20261003T224511Z-017ed58d/07-candidate/perf.json 4557
anima-20261003T224511Z-017ed58d/07-candidate/outputs/sample.png 1549631
anima-20261003T224511Z-017ed58d/07-candidate/generate.log 16921
anima-20261003T224511Z-017ed58d/06-candidate/perf.json 4570
anima-20261003T224511Z-017ed58d/06-candidate/outputs/sample.png 1549631
anima-20261003T224511Z-017ed58d/06-candidate/generate.log 16921
anima-20261003T224511Z-017ed58d/05-baseline/perf.json 4563
anima-20261003T224511Z-017ed58d/05-baseline/outputs/sample.png 1549631
anima-20261003T224511Z-017ed58d/05-baseline/generate.log 16916
anima-20261003T224511Z-017ed58d/04-baseline/generate.log 16916
anima-20261003T224511Z-017ed58d/04-baseline/perf.json 4567
anima-20261003T224511Z-017ed58d/04-baseline/outputs/sample.png 1549631
anima-20261003T224511Z-017ed58d/03-candidate/generate.log 16921
anima-20261003T224511Z-017ed58d/03-candidate/perf.json 4566
anima-20261003T224511Z-017ed58d/03-candidate/outputs/sample.png 1549631
anima-20261003T224511Z-017ed58d/02-candidate/generate.log 16921
anima-20261003T224511Z-017ed58d/02-candidate/perf.json 4568
anima-20261003T224511Z-017ed58d/02-candidate/outputs/sample.png 1549631
anima-20261003T224511Z-017ed58d/01-baseline/generate.log 17003
anima-20261003T224511Z-017ed58d/01-baseline/perf.json 4564
anima-20261003T224511Z-017ed58d/01-baseline/outputs/sample.png 1549631
anima-20261003T224511Z-017ed58d/existing-anima.log 552
anima-20261003T224511Z-017ed58d/existing-modulate.log 564
anima-20261003T224511Z-017ed58d/operator.log 8167
anima-20261003T224511Z-017ed58d/operator.json 7869
