Note that running a local entrypoint in detached mode only keeps the last triggered Modal function alive after the parent process has been killed or disconnected.
✓ Initialized. View run at 
https://modal.com/apps/xinyuj2/main/ap-rqNnuCL5EaUzFEknljtP5E
Building image im-0yztI2NTJhi3sFfKl0XU3M

=> Step 0: FROM base

=> Step 1: COPY . /
Saving image...
Image saved, took 2.83s

Built image im-0yztI2NTJhi3sFfKl0XU3M in 4.37s


Building image im-yqwt2bMvqHsLbIVY9p4Wb5

=> Step 0: FROM base

=> Step 1: COPY . /
Saving image...
Image saved, took 3.52s

Built image im-yqwt2bMvqHsLbIVY9p4Wb5 in 5.16s


Building image im-uFAONNbVo6g2v49Q21JeX5

=> Step 0: FROM base

=> Step 1: COPY . /
Saving image...
Image saved, took 3.35s

Built image im-uFAONNbVo6g2v49Q21JeX5 in 5.49s


Building image im-nKfea2bel5KoLffuGjJvq3

=> Step 0: FROM base

=> Step 1: COPY . /
Saving image...
Image saved, took 3.32s

Built image im-nKfea2bel5KoLffuGjJvq3 in 5.84s


Building image im-XuC67PPATdY8P8OVTCyI1o

=> Step 0: FROM base

=> Step 1: ENV HF_HOME=/vol/hf-cache

=> Step 2: ENV PYTHONPATH=/workspace/sglang/python

=> Step 3: ENV PYTHONUNBUFFERED=1

=> Step 4: ENV OMP_NUM_THREADS=8
Saving image...
Image saved, took 3.86s

Built image im-XuC67PPATdY8P8OVTCyI1o in 5.80s


✓ Created objects.
├── ✓ Uploaded /Users/cuzimi/Coding 
│   Works/RemoteFiles/modal_sglang/ming_image/rmsnorm/experiment.py
├── ✓ Uploaded /Users/cuzimi/Coding 
│   Works/RemoteFiles/modal_sglang/ming_image/rmsnorm/inputs/baseline.tar.gz
├── ✓ Uploaded /Users/cuzimi/Coding 
│   Works/RemoteFiles/modal_sglang/ming_image/rmsnorm/inputs/candidate_ming_imag
│   e.py
├── ✓ Uploaded /Users/cuzimi/Coding 
│   Works/RemoteFiles/modal_sglang/ming_image/rmsnorm/verify_rmsnorm.py
├── ✓ Uploaded /Users/cuzimi/Coding 
│   Works/RemoteFiles/modal_sglang/ming_image/rmsnorm/inputs/test_rmsnorm_preser
│   ve_reduction.py
├── ✓ Uploaded /Users/cuzimi/Coding 
│   Works/RemoteFiles/modal_sglang/ming_image/rmsnorm/inputs/test_model_fast_pat
│   hs.py
└── ✓ Created Function run.
RUN ['/opt/sglang/bin/python', '/workspace/verify_rmsnorm.py', '/results/micro-20261003T231823Z/micro.json']
Flax classes are deprecated and will be removed in Diffusers v1.0.0. We recommend migrating to PyTorch classes or pinning your version of Diffusers.
Flax classes are deprecated and will be removed in Diffusers v1.0.0. We recommend migrating to PyTorch classes or pinning your version of Diffusers.
PASS 42 exact cases; microbench saved
RUN ['/opt/sglang/bin/python', '-m', 'pytest', '-q', 'test/registered/kernels/ops/diffusion/test_rmsnorm_preserve_reduction.py']
............................................                             [100%]
=============================== warnings summary ===============================
../../opt/sglang/lib/python3.12/site-packages/_pytest/config/__init__.py:1464
  /opt/sglang/lib/python3.12/site-packages/_pytest/config/__init__.py:1464: PytestConfigWarning: Unknown config option: asyncio_mode
  
    self._warn_or_fail_if_strict(f"Unknown config option: {key}\n")

registered/kernels/ops/diffusion/test_rmsnorm_preserve_reduction.py: 14 warnings
  /opt/sglang/lib/python3.12/site-packages/torch/jit/_script.py:365: DeprecationWarning: `torch.jit.script_method` is deprecated. Please switch to `torch.compile` or `torch.export`.
    warnings.warn(

-- Docs: https://docs.pytest.org/en/stable/how-to/capture-warnings.html
44 passed, 15 warnings in 39.49s
RUN ['/opt/sglang/bin/python', '-m', 'pytest', '-q', 'test/registered/kernels/ops/diffusion/test_model_fast_paths.py', '-k', 'ming_rmsnorm']
...........                                                              [100%]
=============================== warnings summary ===============================
../../opt/sglang/lib/python3.12/site-packages/_pytest/config/__init__.py:1464
  /opt/sglang/lib/python3.12/site-packages/_pytest/config/__init__.py:1464: PytestConfigWarning: Unknown config option: asyncio_mode
  
    self._warn_or_fail_if_strict(f"Unknown config option: {key}\n")

../../opt/sglang/lib/python3.12/site-packages/torch/jit/_script.py:365: 14 warnings
  /opt/sglang/lib/python3.12/site-packages/torch/jit/_script.py:365: DeprecationWarning: `torch.jit.script_method` is deprecated. Please switch to `torch.compile` or `torch.export`.
    warnings.warn(

-- Docs: https://docs.pytest.org/en/stable/how-to/capture-warnings.html
11 passed, 90 deselected, 15 warnings in 37.49s
RESULT micro-20261003T231823Z
[modal-client] 2026-10-03T19:20:48-0400 Timed out waiting for final app logs.
✓ App completed. View run at 
https://modal.com/apps/xinyuj2/main/ap-rqNnuCL5EaUzFEknljtP5E
